This is pdfTeX, Version 3.141592653-2.6-1.40.25 (TeX Live 2023/Debian) (preloaded format=pdflatex 2024.12.16)  7 JAN 2025 22:37
entering extended mode
 restricted \write18 enabled.
 %&-line parsing enabled.
**main.tex
(./main.tex
LaTeX2e <2023-11-01> patch level 1
L3 programming layer <2024-01-22>
(/usr/share/texlive/texmf-dist/tex/latex/base/report.cls
Document Class: report 2023/05/17 v1.4n Standard LaTeX document class
(/usr/share/texlive/texmf-dist/tex/latex/base/size12.clo
File: size12.clo 2023/05/17 v1.4n Standard LaTeX file (size option)
)
\c@part=\count187
\c@chapter=\count188
\c@section=\count189
\c@subsection=\count190
\c@subsubsection=\count191
\c@paragraph=\count192
\c@subparagraph=\count193
\c@figure=\count194
\c@table=\count195
\abovecaptionskip=\skip48
\belowcaptionskip=\skip49
\bibindent=\dimen140
)
(/usr/share/texlive/texmf-dist/tex/latex/geometry/geometry.sty
Package: geometry 2020/01/02 v5.9 Page Geometry

(/usr/share/texlive/texmf-dist/tex/latex/graphics/keyval.sty
Package: keyval 2022/05/29 v1.15 key=value parser (DPC)
\KV@toks@=\toks17
)
(/usr/share/texlive/texmf-dist/tex/generic/iftex/ifvtex.sty
Package: ifvtex 2019/10/25 v1.7 ifvtex legacy package. Use iftex instead.

(/usr/share/texlive/texmf-dist/tex/generic/iftex/iftex.sty
Package: iftex 2022/02/03 v1.0f TeX engine tests
))
\Gm@cnth=\count196
\Gm@cntv=\count197
\c@Gm@tempcnt=\count198
\Gm@bindingoffset=\dimen141
\Gm@wd@mp=\dimen142
\Gm@odd@mp=\dimen143
\Gm@even@mp=\dimen144
\Gm@layoutwidth=\dimen145
\Gm@layoutheight=\dimen146
\Gm@layouthoffset=\dimen147
\Gm@layoutvoffset=\dimen148
\Gm@dimlist=\toks18
)
(/usr/share/texlive/texmf-dist/tex/latex/setspace/setspace.sty
Package: setspace 2022/12/04 v6.7b set line spacing
)
(/usr/share/texlive/texmf-dist/tex/latex/base/fontenc.sty
Package: fontenc 2021/04/29 v2.0v Standard LaTeX package
)
(/usr/share/texlive/texmf-dist/tex/latex/graphics/graphicx.sty
Package: graphicx 2021/09/16 v1.2d Enhanced LaTeX Graphics (DPC,SPQR)

(/usr/share/texlive/texmf-dist/tex/latex/graphics/graphics.sty
Package: graphics 2022/03/10 v1.4e Standard LaTeX Graphics (DPC,SPQR)

(/usr/share/texlive/texmf-dist/tex/latex/graphics/trig.sty
Package: trig 2021/08/11 v1.11 sin cos tan (DPC)
)
(/usr/share/texlive/texmf-dist/tex/latex/graphics-cfg/graphics.cfg
File: graphics.cfg 2016/06/04 v1.11 sample graphics configuration
)
Package graphics Info: Driver file: pdftex.def on input line 107.

(/usr/share/texlive/texmf-dist/tex/latex/graphics-def/pdftex.def
File: pdftex.def 2022/09/22 v1.2b Graphics/color driver for pdftex
))
\Gin@req@height=\dimen149
\Gin@req@width=\dimen150
)
(/usr/share/texlive/texmf-dist/tex/latex/caption/subcaption.sty
Package: subcaption 2023/07/28 v1.6b Sub-captions (AR)

(/usr/share/texlive/texmf-dist/tex/latex/caption/caption.sty
Package: caption 2023/08/05 v3.6o Customizing captions (AR)

(/usr/share/texlive/texmf-dist/tex/latex/caption/caption3.sty
Package: caption3 2023/07/31 v2.4d caption3 kernel (AR)
\caption@tempdima=\dimen151
\captionmargin=\dimen152
\caption@leftmargin=\dimen153
\caption@rightmargin=\dimen154
\caption@width=\dimen155
\caption@indent=\dimen156
\caption@parindent=\dimen157
\caption@hangindent=\dimen158
Package caption Info: Standard document class detected.
)
\c@caption@flags=\count199
\c@continuedfloat=\count266
)
Package caption Info: New subtype `subfigure' on input line 238.
\c@subfigure=\count267
Package caption Info: New subtype `subtable' on input line 238.
\c@subtable=\count268
)
(/usr/share/texlive/texmf-dist/tex/latex/amsfonts/amssymb.sty
Package: amssymb 2013/01/14 v3.01 AMS font symbols

(/usr/share/texlive/texmf-dist/tex/latex/amsfonts/amsfonts.sty
Package: amsfonts 2013/01/14 v3.01 Basic AMSFonts support
\@emptytoks=\toks19
\symAMSa=\mathgroup4
\symAMSb=\mathgroup5
LaTeX Font Info:    Redeclaring math symbol \hbar on input line 98.
LaTeX Font Info:    Overwriting math alphabet `\mathfrak' in version `bold'
(Font)                  U/euf/m/n --> U/euf/b/n on input line 106.
))
(/usr/share/texlive/texmf-dist/tex/latex/amsmath/amsmath.sty
Package: amsmath 2023/05/13 v2.17o AMS math features
\@mathmargin=\skip50

For additional information on amsmath, use the `?' option.
(/usr/share/texlive/texmf-dist/tex/latex/amsmath/amstext.sty
Package: amstext 2021/08/26 v2.01 AMS text

(/usr/share/texlive/texmf-dist/tex/latex/amsmath/amsgen.sty
File: amsgen.sty 1999/11/30 v2.0 generic functions
\@emptytoks=\toks20
\ex@=\dimen159
))
(/usr/share/texlive/texmf-dist/tex/latex/amsmath/amsbsy.sty
Package: amsbsy 1999/11/29 v1.2d Bold Symbols
\pmbraise@=\dimen160
)
(/usr/share/texlive/texmf-dist/tex/latex/amsmath/amsopn.sty
Package: amsopn 2022/04/08 v2.04 operator names
)
\inf@bad=\count269
LaTeX Info: Redefining \frac on input line 234.
\uproot@=\count270
\leftroot@=\count271
LaTeX Info: Redefining \overline on input line 399.
LaTeX Info: Redefining \colon on input line 410.
\classnum@=\count272
\DOTSCASE@=\count273
LaTeX Info: Redefining \ldots on input line 496.
LaTeX Info: Redefining \dots on input line 499.
LaTeX Info: Redefining \cdots on input line 620.
\Mathstrutbox@=\box51
\strutbox@=\box52
LaTeX Info: Redefining \big on input line 722.
LaTeX Info: Redefining \Big on input line 723.
LaTeX Info: Redefining \bigg on input line 724.
LaTeX Info: Redefining \Bigg on input line 725.
\big@size=\dimen161
LaTeX Font Info:    Redeclaring font encoding OML on input line 743.
LaTeX Font Info:    Redeclaring font encoding OMS on input line 744.
\macc@depth=\count274
LaTeX Info: Redefining \bmod on input line 905.
LaTeX Info: Redefining \pmod on input line 910.
LaTeX Info: Redefining \smash on input line 940.
LaTeX Info: Redefining \relbar on input line 970.
LaTeX Info: Redefining \Relbar on input line 971.
\c@MaxMatrixCols=\count275
\dotsspace@=\muskip16
\c@parentequation=\count276
\dspbrk@lvl=\count277
\tag@help=\toks21
\row@=\count278
\column@=\count279
\maxfields@=\count280
\andhelp@=\toks22
\eqnshift@=\dimen162
\alignsep@=\dimen163
\tagshift@=\dimen164
\tagwidth@=\dimen165
\totwidth@=\dimen166
\lineht@=\dimen167
\@envbody=\toks23
\multlinegap=\skip51
\multlinetaggap=\skip52
\mathdisplay@stack=\toks24
LaTeX Info: Redefining \[ on input line 2953.
LaTeX Info: Redefining \] on input line 2954.
)
(/usr/share/texlive/texmf-dist/tex/latex/hyperref/nameref.sty
Package: nameref 2023-11-26 v2.56 Cross-referencing by name of section

(/usr/share/texlive/texmf-dist/tex/latex/refcount/refcount.sty
Package: refcount 2019/12/15 v3.6 Data extraction from label references (HO)

(/usr/share/texlive/texmf-dist/tex/generic/ltxcmds/ltxcmds.sty
Package: ltxcmds 2023-12-04 v1.26 LaTeX kernel commands for general use (HO)
)
(/usr/share/texlive/texmf-dist/tex/generic/infwarerr/infwarerr.sty
Package: infwarerr 2019/12/03 v1.5 Providing info/warning/error messages (HO)
))
(/usr/share/texlive/texmf-dist/tex/generic/gettitlestring/gettitlestring.sty
Package: gettitlestring 2019/12/15 v1.6 Cleanup title references (HO)

(/usr/share/texlive/texmf-dist/tex/latex/kvoptions/kvoptions.sty
Package: kvoptions 2022-06-15 v3.15 Key value format for package options (HO)

(/usr/share/texlive/texmf-dist/tex/latex/kvsetkeys/kvsetkeys.sty
Package: kvsetkeys 2022-10-05 v1.19 Key value parser (HO)
)))
\c@section@level=\count281
)
(/usr/share/texlive/texmf-dist/tex/latex/hyperref/hyperref.sty
Package: hyperref 2024-01-20 v7.01h Hypertext links for LaTeX

(/usr/share/texlive/texmf-dist/tex/generic/kvdefinekeys/kvdefinekeys.sty
Package: kvdefinekeys 2019-12-19 v1.6 Define keys (HO)
)
(/usr/share/texlive/texmf-dist/tex/generic/pdfescape/pdfescape.sty
Package: pdfescape 2019/12/09 v1.15 Implements pdfTeX's escape features (HO)

(/usr/share/texlive/texmf-dist/tex/generic/pdftexcmds/pdftexcmds.sty
Package: pdftexcmds 2020-06-27 v0.33 Utility functions of pdfTeX for LuaTeX (HO
)
Package pdftexcmds Info: \pdf@primitive is available.
Package pdftexcmds Info: \pdf@ifprimitive is available.
Package pdftexcmds Info: \pdfdraftmode found.
))
(/usr/share/texlive/texmf-dist/tex/latex/hycolor/hycolor.sty
Package: hycolor 2020-01-27 v1.10 Color options for hyperref/bookmark (HO)
)
(/usr/share/texlive/texmf-dist/tex/latex/auxhook/auxhook.sty
Package: auxhook 2019-12-17 v1.6 Hooks for auxiliary files (HO)
)
(/usr/share/texlive/texmf-dist/tex/latex/etoolbox/etoolbox.sty
Package: etoolbox 2020/10/05 v2.5k e-TeX tools for LaTeX (JAW)
\etb@tempcnta=\count282
)
\@linkdim=\dimen168
\Hy@linkcounter=\count283
\Hy@pagecounter=\count284

(/usr/share/texlive/texmf-dist/tex/latex/hyperref/pd1enc.def
File: pd1enc.def 2024-01-20 v7.01h Hyperref: PDFDocEncoding definition (HO)
Now handling font encoding PD1 ...
... no UTF-8 mapping file for font encoding PD1
)
(/usr/share/texlive/texmf-dist/tex/generic/intcalc/intcalc.sty
Package: intcalc 2019/12/15 v1.3 Expandable calculations with integers (HO)
)
\Hy@SavedSpaceFactor=\count285

(/usr/share/texlive/texmf-dist/tex/latex/hyperref/puenc.def
File: puenc.def 2024-01-20 v7.01h Hyperref: PDF Unicode definition (HO)
Now handling font encoding PU ...
... no UTF-8 mapping file for font encoding PU
)
Package hyperref Info: Hyper figures OFF on input line 4179.
Package hyperref Info: Link nesting OFF on input line 4184.
Package hyperref Info: Hyper index ON on input line 4187.
Package hyperref Info: Plain pages OFF on input line 4194.
Package hyperref Info: Backreferencing OFF on input line 4199.
Package hyperref Info: Implicit mode ON; LaTeX internals redefined.
Package hyperref Info: Bookmarks ON on input line 4446.
\c@Hy@tempcnt=\count286

(/usr/share/texlive/texmf-dist/tex/latex/url/url.sty
\Urlmuskip=\muskip17
Package: url 2013/09/16  ver 3.4  Verb mode for urls, etc.
)
LaTeX Info: Redefining \url on input line 4784.
\XeTeXLinkMargin=\dimen169

(/usr/share/texlive/texmf-dist/tex/generic/bitset/bitset.sty
Package: bitset 2019/12/09 v1.3 Handle bit-vector datatype (HO)

(/usr/share/texlive/texmf-dist/tex/generic/bigintcalc/bigintcalc.sty
Package: bigintcalc 2019/12/15 v1.5 Expandable calculations on big integers (HO
)
))
\Fld@menulength=\count287
\Field@Width=\dimen170
\Fld@charsize=\dimen171
Package hyperref Info: Hyper figures OFF on input line 6063.
Package hyperref Info: Link nesting OFF on input line 6068.
Package hyperref Info: Hyper index ON on input line 6071.
Package hyperref Info: backreferencing OFF on input line 6078.
Package hyperref Info: Link coloring OFF on input line 6083.
Package hyperref Info: Link coloring with OCG OFF on input line 6088.
Package hyperref Info: PDF/A mode OFF on input line 6093.

(/usr/share/texlive/texmf-dist/tex/latex/base/atbegshi-ltx.sty
Package: atbegshi-ltx 2021/01/10 v1.0c Emulation of the original atbegshi
package with kernel methods
)
\Hy@abspage=\count288
\c@Item=\count289
\c@Hfootnote=\count290
)
Package hyperref Info: Driver (autodetected): hpdftex.

(/usr/share/texlive/texmf-dist/tex/latex/hyperref/hpdftex.def
File: hpdftex.def 2024-01-20 v7.01h Hyperref driver for pdfTeX

(/usr/share/texlive/texmf-dist/tex/latex/base/atveryend-ltx.sty
Package: atveryend-ltx 2020/08/19 v1.0a Emulation of the original atveryend pac
kage
with kernel methods
)
\Fld@listcount=\count291
\c@bookmark@seq@number=\count292

(/usr/share/texlive/texmf-dist/tex/latex/rerunfilecheck/rerunfilecheck.sty
Package: rerunfilecheck 2022-07-10 v1.10 Rerun checks for auxiliary files (HO)

(/usr/share/texlive/texmf-dist/tex/generic/uniquecounter/uniquecounter.sty
Package: uniquecounter 2019/12/15 v1.4 Provide unlimited unique counter (HO)
)
Package uniquecounter Info: New unique counter `rerunfilecheck' on input line 2
85.
)
\Hy@SectionHShift=\skip53
)
(/usr/share/texlive/texmf-dist/tex/generic/babel/babel.sty
Package: babel 2024/01/07 v24.1 The Babel package
\babel@savecnt=\count293
\U@D=\dimen172
\l@unhyphenated=\language89

(/usr/share/texlive/texmf-dist/tex/generic/babel/txtbabel.def)
\bbl@readstream=\read2
\bbl@dirlevel=\count294

(/usr/share/texlive/texmf-dist/tex/generic/babel-english/english.ldf
Language: english 2017/06/06 v3.3r English support from the babel system
Package babel Info: Hyphen rules for 'canadian' set to \l@english
(babel)             (\language0). Reported on input line 102.
Package babel Info: Hyphen rules for 'australian' set to \l@ukenglish
(babel)             (\language33). Reported on input line 105.
Package babel Info: Hyphen rules for 'newzealand' set to \l@ukenglish
(babel)             (\language33). Reported on input line 108.
))
(/usr/share/texlive/texmf-dist/tex/generic/babel/locale/en/babel-english.tex
Package babel Info: Importing font and identification data for english
(babel)             from babel-en.ini. Reported on input line 11.
)
(/usr/share/texlive/texmf-dist/tex/latex/float/float.sty
Package: float 2001/11/08 v1.3d Float enhancements (AL)
\c@float@type=\count295
\float@exts=\toks25
\float@box=\box53
\@float@everytoks=\toks26
\@floatcapt=\box54
)
(/usr/share/texlive/texmf-dist/tex/latex/enumitem/enumitem.sty
Package: enumitem 2019/06/20 v3.9 Customized lists
\labelindent=\skip54
\enit@outerparindent=\dimen173
\enit@toks=\toks27
\enit@inbox=\box55
\enit@count@id=\count296
\enitdp@description=\count297
)
(/usr/share/texlive/texmf-dist/tex/latex/fancyhdr/fancyhdr.sty
Package: fancyhdr 2022/11/09 v4.1 Extensive control of page headers and footers

\f@nch@headwidth=\skip55
\f@nch@O@elh=\skip56
\f@nch@O@erh=\skip57
\f@nch@O@olh=\skip58
\f@nch@O@orh=\skip59
\f@nch@O@elf=\skip60
\f@nch@O@erf=\skip61
\f@nch@O@olf=\skip62
\f@nch@O@orf=\skip63
)
(/usr/share/texlive/texmf-dist/tex/latex/csquotes/csquotes.sty
Package: csquotes 2022-09-14 v5.2n context-sensitive quotations (JAW)
\csq@reset=\count298
\csq@gtype=\count299
\csq@glevel=\count300
\csq@qlevel=\count301
\csq@maxlvl=\count302
\csq@tshold=\count303
\csq@ltx@everypar=\toks28

(/usr/share/texlive/texmf-dist/tex/latex/csquotes/csquotes.def
File: csquotes.def 2022-09-14 v5.2n csquotes generic definitions (JAW)
)
Package csquotes Info: Trying to load configuration file 'csquotes.cfg'...
Package csquotes Info: ... configuration file loaded successfully.

(/usr/share/texlive/texmf-dist/tex/latex/csquotes/csquotes.cfg
File: csquotes.cfg 
))
(/usr/share/texlive/texmf-dist/tex/latex/nomencl/nomencl.sty
Package: nomencl 2021/11/10 v5.6 Nomenclature package

(/usr/share/texlive/texmf-dist/tex/latex/xkeyval/xkeyval.sty
Package: xkeyval 2022/06/16 v2.9 package option processing (HA)

(/usr/share/texlive/texmf-dist/tex/generic/xkeyval/xkeyval.tex
(/usr/share/texlive/texmf-dist/tex/generic/xkeyval/xkvutils.tex
\XKV@toks=\toks29
\XKV@tempa@toks=\toks30
)
\XKV@depth=\count304
File: xkeyval.tex 2014/12/03 v2.7a key=value parser (HA)
))
(/usr/share/texlive/texmf-dist/tex/latex/base/ifthen.sty
Package: ifthen 2022/04/13 v1.1d Standard LaTeX ifthen package (DPC)
)
(/usr/share/texlive/texmf-dist/tex/latex/koma-script/tocbasic.sty
Package: tocbasic 2023/07/07 v3.41 KOMA-Script package (handling toc-files)

(/usr/share/texlive/texmf-dist/tex/latex/koma-script/scrbase.sty
Package: scrbase 2023/07/07 v3.41 KOMA-Script package (KOMA-Script-independent 
basics and keyval usage)

(/usr/share/texlive/texmf-dist/tex/latex/koma-script/scrlfile.sty
Package: scrlfile 2023/07/07 v3.41 KOMA-Script package (file load hooks)

(/usr/share/texlive/texmf-dist/tex/latex/koma-script/scrlfile-hook.sty
Package: scrlfile-hook 2023/07/07 v3.41 KOMA-Script package (using LaTeX hooks)


(/usr/share/texlive/texmf-dist/tex/latex/koma-script/scrlogo.sty
Package: scrlogo 2023/07/07 v3.41 KOMA-Script package (logo)
)))
Applying: [2021/05/01] Usage of raw or classic option list on input line 252.
Already applied: [0000/00/00] Usage of raw or classic option list on input line
 368.
)
\scr@dte@tocline@numberwidth=\skip64
\scr@dte@tocline@numbox=\box56
)
Package tocbasic Info: setting babel extension for `nlo' on input line 187.
Package tocbasic Info: setting babel extension for `nls' on input line 188.
\nomlabelwidth=\dimen174
\nom@tempdim=\dimen175
\nomitemsep=\skip65
)
\@nomenclaturefile=\write3
\openout3 = `main.nlo'.

Package nomencl Info: Writing nomenclature file main.nlo on input line 21.

(/usr/share/texlive/texmf-dist/tex/latex/sectsty/sectsty.sty
Package: sectsty 2002/02/25 v2.0.2 Commands to change all sectional heading sty
les


LaTeX Warning: Command \underbar  has changed.
               Check if current package is valid.


LaTeX Warning: Command \underline  has changed.
               Check if current package is valid.

)
Package csquotes Info: Checking for multilingual support...
Package csquotes Info: ... found 'babel' package.
Package csquotes Info: Adjusting default style.
Package csquotes Info: Redefining alias 'default' -> 'english'.
 (/usr/share/texlive/texmf-dist/tex/latex/l3backend/l3backend-pdftex.def
File: l3backend-pdftex.def 2024-01-04 L3 backend support: PDF output (pdfTeX)
\l__color_backend_stack_int=\count305
\l__pdf_internal_box=\box57
)
(./main.aux (./TitlePage.aux) (./Contents/table of contents.aux)
(./Contents/List of tables.aux) (./Contents/List of figures.aux)
(./Contents/Nomenclature.aux))
\openout1 = `main.aux'.

LaTeX Font Info:    Checking defaults for OML/cmm/m/it on input line 40.
LaTeX Font Info:    ... okay on input line 40.
LaTeX Font Info:    Checking defaults for OMS/cmsy/m/n on input line 40.
LaTeX Font Info:    ... okay on input line 40.
LaTeX Font Info:    Checking defaults for OT1/cmr/m/n on input line 40.
LaTeX Font Info:    ... okay on input line 40.
LaTeX Font Info:    Checking defaults for T1/cmr/m/n on input line 40.
LaTeX Font Info:    ... okay on input line 40.
LaTeX Font Info:    Checking defaults for TS1/cmr/m/n on input line 40.
LaTeX Font Info:    ... okay on input line 40.
LaTeX Font Info:    Checking defaults for OMX/cmex/m/n on input line 40.
LaTeX Font Info:    ... okay on input line 40.
LaTeX Font Info:    Checking defaults for U/cmr/m/n on input line 40.
LaTeX Font Info:    ... okay on input line 40.
LaTeX Font Info:    Checking defaults for PD1/pdf/m/n on input line 40.
LaTeX Font Info:    ... okay on input line 40.
LaTeX Font Info:    Checking defaults for PU/pdf/m/n on input line 40.
LaTeX Font Info:    ... okay on input line 40.

*geometry* driver: auto-detecting
*geometry* detected driver: pdftex
*geometry* verbose mode - [ preamble ] result:
* driver: pdftex
* paper: a4paper
* layout: <same size as paper>
* layoutoffset:(h,v)=(0.0pt,0.0pt)
* modes: 
* h-part:(L,W,R)=(85.35826pt, 441.01773pt, 71.13188pt)
* v-part:(T,H,B)=(71.13188pt, 702.78308pt, 71.13188pt)
* \paperwidth=597.50787pt
* \paperheight=845.04684pt
* \textwidth=441.01773pt
* \textheight=702.78308pt
* \oddsidemargin=13.08827pt
* \evensidemargin=13.08827pt
* \topmargin=-38.1381pt
* \headheight=12.0pt
* \headsep=25.0pt
* \topskip=12.0pt
* \footskip=30.0pt
* \marginparwidth=35.0pt
* \marginparsep=10.0pt
* \columnsep=10.0pt
* \skip\footins=10.8pt plus 4.0pt minus 2.0pt
* \hoffset=0.0pt
* \voffset=0.0pt
* \mag=1000
* \@twocolumnfalse
* \@twosidefalse
* \@mparswitchfalse
* \@reversemarginfalse
* (1in=72.27pt=25.4mm, 1cm=28.453pt)

(/usr/share/texlive/texmf-dist/tex/context/base/mkii/supp-pdf.mkii
[Loading MPS to PDF converter (version 2006.09.02).]
\scratchcounter=\count306
\scratchdimen=\dimen176
\scratchbox=\box58
\nofMPsegments=\count307
\nofMParguments=\count308
\everyMPshowfont=\toks31
\MPscratchCnt=\count309
\MPscratchDim=\dimen177
\MPnumerator=\count310
\makeMPintoPDFobject=\count311
\everyMPtoPDFconversion=\toks32
) (/usr/share/texlive/texmf-dist/tex/latex/epstopdf-pkg/epstopdf-base.sty
Package: epstopdf-base 2020-01-24 v2.11 Base part for package epstopdf
Package epstopdf-base Info: Redefining graphics rule for `.eps' on input line 4
85.

(/usr/share/texlive/texmf-dist/tex/latex/latexconfig/epstopdf-sys.cfg
File: epstopdf-sys.cfg 2010/07/13 v1.3 Configuration of (r)epstopdf for TeX Liv
e
))
Package caption Info: Begin \AtBeginDocument code.
Package caption Info: float package is loaded.
Package caption Info: hyperref package is loaded.
Package caption Info: End \AtBeginDocument code.
Package hyperref Info: Link coloring OFF on input line 40.

(./main.out) (./main.out)
\@outlinefile=\write4
\openout4 = `main.out'.

\openout2 = `TitlePage.aux'.

 (./TitlePage.tex [0


{/var/lib/texmf/fonts/map/pdftex/updmap/pdftex.map}{/usr/share/texmf/fonts/enc/
dvips/cm-super/cm-super-t1.enc}])
(./Declaration.tex
<sign.png, id=324, 53.874pt x 28.5795pt>
File: sign.png Graphic file (type png)
<use sign.png>
Package pdftex.def Info: sign.png  used on input line 5.
(pdftex.def)             Requested size: 113.81102pt x 60.3824pt.
) [1



 <./sign.png>] (./Contents/Acknowledgement.tex) [2

]
(./Contents/Abstract.tex) [3

] [4]
\openout2 = `"Contents/table of contents.aux"'.

 (./Contents/table of contents.tex (./main.toc
LaTeX Font Info:    Trying to load font information for U+msa on input line 8.
(/usr/share/texlive/texmf-dist/tex/latex/amsfonts/umsa.fd
File: umsa.fd 2013/01/14 v3.01 AMS symbols A
)
LaTeX Font Info:    Trying to load font information for U+msb on input line 8.

(/usr/share/texlive/texmf-dist/tex/latex/amsfonts/umsb.fd
File: umsb.fd 2013/01/14 v3.01 AMS symbols B
) [5


] [6])
\tf@toc=\write5
\openout5 = `main.toc'.

) [7]
\openout2 = `"Contents/List of tables.aux"'.


(./Contents/List of tables.tex)
\openout2 = `"Contents/List of figures.aux"'.

 (./Contents/List of figures.tex (./main.lof
[8







])
\tf@lof=\write6
\openout6 = `main.lof'.

) [9]
\openout2 = `Contents/Nomenclature.aux'.

 (./Contents/Nomenclature.tex) (./main.nls) [1




]
Chapter 1.
(./Chapter 1/Introduction.tex [2



]
<Figures/dc nano grid.png, id=566, 252.19218pt x 137.7647pt>
File: Figures/dc nano grid.png Graphic file (type png)
<use Figures/dc nano grid.png>
Package pdftex.def Info: Figures/dc nano grid.png  used on input line 20.
(pdftex.def)             Requested size: 312.54575pt x 170.71652pt.
 [3] [4{/usr/share/texmf/fonts/enc/dvips/cm-super/cm-super-ts1.enc} <./Figures/
dc nano grid.png>] [5]
<Figures/re dc mg.png, id=589, 788.19469pt x 454.69875pt>
File: Figures/re dc mg.png Graphic file (type png)
<use Figures/re dc mg.png>
Package pdftex.def Info: Figures/re dc mg.png  used on input line 71.
(pdftex.def)             Requested size: 394.57745pt x 227.62204pt.
 [6 <./Figures/re dc mg.png>] [7] [8]) [9]
Chapter 2.
(./Chapter 2/Literature review.tex [10

]
<Figures/pv cell.png, id=630, 423.08063pt x 194.22563pt>
File: Figures/pv cell.png Graphic file (type png)
<use Figures/pv cell.png>
Package pdftex.def Info: Figures/pv cell.png  used on input line 15.
(pdftex.def)             Requested size: 371.87956pt x 170.71652pt.
 [11] [12 <./Figures/pv cell.png>]
[13]
<Figures/unipolar grid.png, id=673, 221.32687pt x 137.7647pt>
File: Figures/unipolar grid.png Graphic file (type png)
<use Figures/unipolar grid.png>
Package pdftex.def Info: Figures/unipolar grid.png  used on input line 63.
(pdftex.def)             Requested size: 365.72403pt x 227.62204pt.
<Figures/bipolar grid.png, id=675, 551.05875pt x 344.03531pt>
File: Figures/bipolar grid.png Graphic file (type png)
<use Figures/bipolar grid.png>
Package pdftex.def Info: Figures/bipolar grid.png  used on input line 71.
(pdftex.def)             Requested size: 364.59119pt x 227.62204pt.
 [14 <./Figures/unipolar grid.png>] [15 <./Figures/bipolar grid.png>]
[16] [17]
<Figures/dc voltage characteristics.png, id=712, 377.15906pt x 262.73157pt>
File: Figures/dc voltage characteristics.png Graphic file (type png)
<use Figures/dc voltage characteristics.png>
Package pdftex.def Info: Figures/dc voltage characteristics.png  used on input 
line 154.
(pdftex.def)             Requested size: 245.07567pt x 170.71652pt.
 [18] [19 <./Figures/dc voltage characteristics.png>]
<Figures/centralised multiagent.png, id=742, 331.785pt x 138.846pt>
File: Figures/centralised multiagent.png Graphic file (type png)
<use Figures/centralised multiagent.png>
Package pdftex.def Info: Figures/centralised multiagent.png  used on input line
 176.
(pdftex.def)             Requested size: 407.9463pt x 170.71652pt.
<Figures/decentralised multiagent.png, id=744, 331.785pt x 138.846pt>
File: Figures/decentralised multiagent.png Graphic file (type png)
<use Figures/decentralised multiagent.png>
Package pdftex.def Info: Figures/decentralised multiagent.png  used on input li
ne 183.
(pdftex.def)             Requested size: 407.9463pt x 170.71652pt.
 [20 <./Figures/centralised multiagent.png>]
<Figures/dc mg systems of systems.png, id=763, 526.96875pt x 306.39468pt>
File: Figures/dc mg systems of systems.png Graphic file (type png)
<use Figures/dc mg systems of systems.png>
Package pdftex.def Info: Figures/dc mg systems of systems.png  used on input li
ne 218.
(pdftex.def)             Requested size: 391.48657pt x 227.62204pt.
 [21 <./Figures/decentralised multiagent.png>]
[22 <./Figures/dc mg systems of systems.png>]) [23]
Chapter 3.
(./Chapter 3/Theoretical considerations.tex [24

] [25]
<Figures/opmod1 strategy.png, id=814, 657.95813pt x 566.115pt>
File: Figures/opmod1 strategy.png Graphic file (type png)
<use Figures/opmod1 strategy.png>
Package pdftex.def Info: Figures/opmod1 strategy.png  used on input line 63.
(pdftex.def)             Requested size: 398.342pt x 341.44244pt.
 [26]
<Figures/opmod2 strategy.png, id=824, 611.28375pt x 438.13687pt>
File: Figures/opmod2 strategy.png Graphic file (type png)
<use Figures/opmod2 strategy.png>
Package pdftex.def Info: Figures/opmod2 strategy.png  used on input line 70.
(pdftex.def)             Requested size: 398.3371pt x 341.43784pt.
 [27 <./Figures/opmod1 strategy.png>]
<Figures/opmod3 strategy.png, id=833, 477.28313pt x 436.63126pt>
File: Figures/opmod3 strategy.png Graphic file (type png)
<use Figures/opmod3 strategy.png>
Package pdftex.def Info: Figures/opmod3 strategy.png  used on input line 77.
(pdftex.def)             Requested size: 398.33699pt x 341.43047pt.
 [28 <./Figures/opmod2 strategy.png>]
<Figures/opmod4 strategy.png, id=840, 465.23813pt x 240.9pt>
File: Figures/opmod4 strategy.png Graphic file (type png)
<use Figures/opmod4 strategy.png>
Package pdftex.def Info: Figures/opmod4 strategy.png  used on input line 84.
(pdftex.def)             Requested size: 439.60976pt x 227.62204pt.
 [29 <./Figures/opmod3 strategy.png>]) [30 <./Figures/opmod4 strategy.png>]
Chapter 4.
(./Chapter 4/Methods and materials.tex
<Figures/re dc mg1.png, id=854, 520.19344pt x 330.48468pt>
File: Figures/re dc mg1.png Graphic file (type png)
<use Figures/re dc mg1.png>
Package pdftex.def Info: Figures/re dc mg1.png  used on input line 8.
(pdftex.def)             Requested size: 358.29884pt x 227.62204pt.
 [31

] [32 <./Figures/re dc mg1.png>]
<Figures/scale 1 day.png, id=869, 497.60907pt x 117.43875pt>
File: Figures/scale 1 day.png Graphic file (type png)
<use Figures/scale 1 day.png>
Package pdftex.def Info: Figures/scale 1 day.png  used on input line 70.
(pdftex.def)             Requested size: 426.79134pt x 100.72655pt.

[33]
<Figures/scale 5 day.png, id=878, 514.17094pt x 158.09062pt>
File: Figures/scale 5 day.png Graphic file (type png)
<use Figures/scale 5 day.png>
Package pdftex.def Info: Figures/scale 5 day.png  used on input line 76.
(pdftex.def)             Requested size: 426.79134pt x 131.22723pt.
<Figures/irradiance.png, id=879, 613.54219pt x 392.21532pt>
File: Figures/irradiance.png Graphic file (type png)
<use Figures/irradiance.png>
Package pdftex.def Info: Figures/irradiance.png  used on input line 83.
(pdftex.def)             Requested size: 356.07004pt x 227.62204pt.
 [34 <./Figures/scale 1 day.png> <./Figures/scale 5 day.png>]
<Figures/bess.png, id=890, 665.48625pt x 255.95625pt>
File: Figures/bess.png Graphic file (type png)
<use Figures/bess.png>
Package pdftex.def Info: Figures/bess.png  used on input line 120.
(pdftex.def)             Requested size: 441.01773pt x 169.62292pt.
 [35 <./Figures/irradiance.png>]
<Figures/ldp1.png, id=900, 882.29625pt x 441.90094pt>
File: Figures/ldp1.png Graphic file (type png)
<use Figures/ldp1.png>
Package pdftex.def Info: Figures/ldp1.png  used on input line 129.
(pdftex.def)             Requested size: 340.84962pt x 170.71652pt.
<Figures/ldp2.png, id=901, 883.04906pt x 438.8897pt>
File: Figures/ldp2.png Graphic file (type png)
<use Figures/ldp2.png>
Package pdftex.def Info: Figures/ldp2.png  used on input line 135.
(pdftex.def)             Requested size: 343.48497pt x 170.71652pt.
<Figures/ldp3.png, id=902, 879.285pt x 440.39531pt>
File: Figures/ldp3.png Graphic file (type png)
<use Figures/ldp3.png>
Package pdftex.def Info: Figures/ldp3.png  used on input line 141.
(pdftex.def)             Requested size: 340.84016pt x 170.71652pt.
 [36 <./Figures/bess.png> <./Figures/ldp1.png>]
<Figures/ldp4.png, id=910, 864.22874pt x 440.39531pt>
File: Figures/ldp4.png Graphic file (type png)
<use Figures/ldp4.png>
Package pdftex.def Info: Figures/ldp4.png  used on input line 147.
(pdftex.def)             Requested size: 335.00386pt x 170.71652pt.
<Figures/load profile selector.png, id=912, 322.20375pt x 159.59625pt>
File: Figures/load profile selector.png Graphic file (type png)
<use Figures/load profile selector.png>
Package pdftex.def Info: Figures/load profile selector.png  used on input line 
154.
(pdftex.def)             Requested size: 229.76921pt x 113.81102pt.
<Figures/REMCS.png, id=913, 242.1045pt x 174.4335pt>
File: Figures/REMCS.png Graphic file (type png)
<use Figures/REMCS.png>
Package pdftex.def Info: Figures/REMCS.png  used on input line 160.
(pdftex.def)             Requested size: 394.96672pt x 284.52756pt.
 [37 <./Figures/ldp2.png> <./Figures/ldp3.png> <./Figures/ldp4.png>]
<Figures/remcs nano grid.png, id=923, 836.3747pt x 447.92343pt>
File: Figures/remcs nano grid.png Graphic file (type png)
<use Figures/remcs nano grid.png>
Package pdftex.def Info: Figures/remcs nano grid.png  used on input line 170.
(pdftex.def)             Requested size: 425.014pt x 227.62204pt.
 [38 <./Figures/load profile selector.png> <./Figures/REMCS.png>]
<Figures/loads control circuit.png, id=930, 762.59906pt x 289.08pt>
File: Figures/loads control circuit.png Graphic file (type png)
<use Figures/loads control circuit.png>
Package pdftex.def Info: Figures/loads control circuit.png  used on input line 
177.
(pdftex.def)             Requested size: 441.01773pt x 167.17688pt.
<Figures/load demand block.png, id=932, 484.05844pt x 242.40562pt>
File: Figures/load demand block.png Graphic file (type png)
<use Figures/load demand block.png>
Package pdftex.def Info: Figures/load demand block.png  used on input line 184.

(pdftex.def)             Requested size: 340.92148pt x 170.71652pt.
 [39 <./Figures/remcs nano grid.png> <./Figures/loads control circuit.png>]
<Figures/statechart block.png, id=940, 887.56593pt x 477.28313pt>
File: Figures/statechart block.png Graphic file (type png)
<use Figures/statechart block.png>
Package pdftex.def Info: Figures/statechart block.png  used on input line 196.
(pdftex.def)             Requested size: 423.29109pt x 227.62204pt.
 [40 <./Figures/load demand block.png>]
<Figures/running on battery.png, id=947, 315.42844pt x 216.05719pt>
File: Figures/running on battery.png Graphic file (type png)
<use Figures/running on battery.png>
Package pdftex.def Info: Figures/running on battery.png  used on input line 205
.
(pdftex.def)             Requested size: 332.32625pt x 227.62204pt.

[41 <./Figures/statechart block.png>]
<Figures/power share state.png, id=954, 309.40594pt x 127.22531pt>
File: Figures/power share state.png Graphic file (type png)
<use Figures/power share state.png>
Package pdftex.def Info: Figures/power share state.png  used on input line 216.

(pdftex.def)             Requested size: 276.7962pt x 113.81102pt.
 [42 <./Figures/running on battery.png>]
[43 <./Figures/power share state.png>]
<Figures/supply capacity with ems v load demand.png, id=974, 784.43062pt x 622.
57594pt>
File: Figures/supply capacity with ems v load demand.png Graphic file (type png
)
<use Figures/supply capacity with ems v load demand.png>
Package pdftex.def Info: Figures/supply capacity with ems v load demand.png  us
ed on input line 259.
(pdftex.def)             Requested size: 220.50887pt x 175.00404pt.
<Figures/supply capacity with non-ems v load demand.png, id=975, 788.19469pt x 
628.59843pt>
File: Figures/supply capacity with non-ems v load demand.png Graphic file (type
 png)
<use Figures/supply capacity with non-ems v load demand.png>
Package pdftex.def Info: Figures/supply capacity with non-ems v load demand.png
  used on input line 266.
(pdftex.def)             Requested size: 198.45662pt x 158.27144pt.
<Figures/local storage soc ems v non-ems system.png, id=978, 577.40718pt x 337.
26pt>
File: Figures/local storage soc ems v non-ems system.png Graphic file (type png
)
<use Figures/local storage soc ems v non-ems system.png>
Package pdftex.def Info: Figures/local storage soc ems v non-ems system.png  us
ed on input line 279.
(pdftex.def)             Requested size: 389.7066pt x 227.62204pt.
 [44 <./Figures/supply capacity with ems v load demand.png> <./Figures/supply c
apacity with non-ems v load demand.png>]
<Figures/solar farm storage soc ems v non-ems system.png, id=990, 785.93625pt x
 626.34pt>
File: Figures/solar farm storage soc ems v non-ems system.png Graphic file (typ
e png)
<use Figures/solar farm storage soc ems v non-ems system.png>
Package pdftex.def Info: Figures/solar farm storage soc ems v non-ems system.pn
g  used on input line 289.
(pdftex.def)             Requested size: 357.0379pt x 284.52756pt.

[45 <./Figures/local storage soc ems v non-ems system.png>]
<Figures/supply capacity ems v load demand.png, id=999, 785.18344pt x 624.83438
pt>
File: Figures/supply capacity ems v load demand.png Graphic file (type png)
<use Figures/supply capacity ems v load demand.png>
Package pdftex.def Info: Figures/supply capacity ems v load demand.png  used on
 input line 299.
(pdftex.def)             Requested size: 220.50887pt x 175.4768pt.
<Figures/non-ems supply capacity v load demand.png, id=1000, 785.18344pt x 627.
09282pt>
File: Figures/non-ems supply capacity v load demand.png Graphic file (type png)

<use Figures/non-ems supply capacity v load demand.png>
Package pdftex.def Info: Figures/non-ems supply capacity v load demand.png  use
d on input line 306.
(pdftex.def)             Requested size: 216.1011pt x 172.5898pt.
 [46 <./Figures/solar farm storage soc ems v non-ems system.png> <./Figures/sup
ply capacity ems v load demand.png> <./Figures/non-ems supply capacity v load d
emand.png>]
<Figures/local storage soc ems v non-ems.png, id=1012, 784.43062pt x 625.58719p
t>
File: Figures/local storage soc ems v non-ems.png Graphic file (type png)
<use Figures/local storage soc ems v non-ems.png>
Package pdftex.def Info: Figures/local storage soc ems v non-ems.png  used on i
nput line 321.
(pdftex.def)             Requested size: 220.50887pt x 175.85051pt.
<Figures/solar farm storage soc ems v non-ems.png, id=1013, 772.38562pt x 626.3
4pt>
File: Figures/solar farm storage soc ems v non-ems.png Graphic file (type png)
<use Figures/solar farm storage soc ems v non-ems.png>
Package pdftex.def Info: Figures/solar farm storage soc ems v non-ems.png  used
 on input line 328.
(pdftex.def)             Requested size: 216.1011pt x 175.24019pt.
<Figures/ems supply capacity v load demand.png, id=1018, 790.45313pt x 624.8343
8pt>
File: Figures/ems supply capacity v load demand.png Graphic file (type png)
<use Figures/ems supply capacity v load demand.png>
Package pdftex.def Info: Figures/ems supply capacity v load demand.png  used on
 input line 369.
(pdftex.def)             Requested size: 220.50887pt x 174.30411pt.
<Figures/non-ems supply capacity v load demand1.png, id=1019, 789.70032pt x 625
.58719pt>
File: Figures/non-ems supply capacity v load demand1.png Graphic file (type png
)
<use Figures/non-ems supply capacity v load demand1.png>
Package pdftex.def Info: Figures/non-ems supply capacity v load demand1.png  us
ed on input line 376.
(pdftex.def)             Requested size: 216.1011pt x 171.19221pt.
 [47 <./Figures/local storage soc ems v non-ems.png> <./Figures/solar farm stor
age soc ems v non-ems.png>]
<Figures/solar farm soc ems v non-ems.png, id=1030, 715.92468pt x 575.14874pt>
File: Figures/solar farm soc ems v non-ems.png Graphic file (type png)
<use Figures/solar farm soc ems v non-ems.png>
Package pdftex.def Info: Figures/solar farm soc ems v non-ems.png  used on inpu
t line 388.
(pdftex.def)             Requested size: 283.3388pt x 227.62204pt.
 [48 <./Figures/ems supply capacity v load demand.png> <./Figures/non-ems suppl
y capacity v load demand1.png> <./Figures/solar farm soc ems v non-ems.png>]
<Figures/local soc and state transition.png, id=1041, 578.16pt x 368.1253pt>
File: Figures/local soc and state transition.png Graphic file (type png)
<use Figures/local soc and state transition.png>
Package pdftex.def Info: Figures/local soc and state transition.png  used on in
put line 396.
(pdftex.def)             Requested size: 357.50272pt x 227.62204pt.
<Figures/ems supply capacity v load demand1.png, id=1042, 785.93625pt x 627.092
82pt>
File: Figures/ems supply capacity v load demand1.png Graphic file (type png)
<use Figures/ems supply capacity v load demand1.png>
Package pdftex.def Info: Figures/ems supply capacity v load demand1.png  used o
n input line 406.
(pdftex.def)             Requested size: 220.50887pt x 175.93883pt.
<Figures/non-ems supply capacity v load demand2.png, id=1043, 788.19469pt x 626
.34pt>
File: Figures/non-ems supply capacity v load demand2.png Graphic file (type png
)
<use Figures/non-ems supply capacity v load demand2.png>
Package pdftex.def Info: Figures/non-ems supply capacity v load demand2.png  us
ed on input line 413.
(pdftex.def)             Requested size: 216.1011pt x 171.72316pt.
<Figures/solar farm soc ems v non-ems1.png, id=1046, 712.91344pt x 593.21625pt>

File: Figures/solar farm soc ems v non-ems1.png Graphic file (type png)
<use Figures/solar farm soc ems v non-ems1.png>
Package pdftex.def Info: Figures/solar farm soc ems v non-ems1.png  used on inp
ut line 426.
(pdftex.def)             Requested size: 341.94437pt x 284.52756pt.
 [49 <./Figures/local soc and state transition.png> <./Figures/ems supply capac
ity v load demand1.png> <./Figures/non-ems supply capacity v load demand2.png>]
<Figures/ems supply capacity and state transition.png, id=1056, 584.93532pt x 3
64.36125pt>
File: Figures/ems supply capacity and state transition.png Graphic file (type p
ng)
<use Figures/ems supply capacity and state transition.png>
Package pdftex.def Info: Figures/ems supply capacity and state transition.png  
used on input line 435.
(pdftex.def)             Requested size: 441.01773pt x 274.72134pt.
 [50 <./Figures/solar farm soc ems v non-ems1.png>]
<Figures/ems supply capacity v load demand2.png, id=1067, 786.68906pt x 624.834
38pt>
File: Figures/ems supply capacity v load demand2.png Graphic file (type png)
<use Figures/ems supply capacity v load demand2.png>
Package pdftex.def Info: Figures/ems supply capacity v load demand2.png  used o
n input line 477.
(pdftex.def)             Requested size: 220.50887pt x 175.14311pt.
<Figures/non-ems supply capacity v load demand3.png, id=1068, 785.18344pt x 626
.34pt>
File: Figures/non-ems supply capacity v load demand3.png Graphic file (type png
)
<use Figures/non-ems supply capacity v load demand3.png>
Package pdftex.def Info: Figures/non-ems supply capacity v load demand3.png  us
ed on input line 484.
(pdftex.def)             Requested size: 216.1011pt x 172.3826pt.
 [51 <./Figures/ems supply capacity and state transition.png>]
<Figures/local storage soc ems v non-ems1.png, id=1079, 773.89125pt x 625.58719
pt>
File: Figures/local storage soc ems v non-ems1.png Graphic file (type png)
<use Figures/local storage soc ems v non-ems1.png>
Package pdftex.def Info: Figures/local storage soc ems v non-ems1.png  used on 
input line 498.
(pdftex.def)             Requested size: 281.5764pt x 227.62204pt.
<Figures/EMS Supply capacity v load demand3.png, id=1080, 790.45313pt x 626.34p
t>
File: Figures/EMS Supply capacity v load demand3.png Graphic file (type png)
<use Figures/EMS Supply capacity v load demand3.png>
Package pdftex.def Info: Figures/EMS Supply capacity v load demand3.png  used o
n input line 508.
(pdftex.def)             Requested size: 220.50887pt x 174.7241pt.
<Figures/non-ems supply capacity v load demand4.png, id=1081, 786.68906pt x 627
.84563pt>
File: Figures/non-ems supply capacity v load demand4.png Graphic file (type png
)
<use Figures/non-ems supply capacity v load demand4.png>
Package pdftex.def Info: Figures/non-ems supply capacity v load demand4.png  us
ed on input line 515.
(pdftex.def)             Requested size: 216.1011pt x 172.46169pt.
 [52 <./Figures/ems supply capacity v load demand2.png> <./Figures/non-ems supp
ly capacity v load demand3.png> <./Figures/local storage soc ems v non-ems1.png
>]
<Figures/local storage soc ems v non-ems2.png, id=1092, 876.27374pt x 624.83438
pt>
File: Figures/local storage soc ems v non-ems2.png Graphic file (type png)
<use Figures/local storage soc ems v non-ems2.png>
Package pdftex.def Info: Figures/local storage soc ems v non-ems2.png  used on 
input line 529.
(pdftex.def)             Requested size: 220.50887pt x 157.22836pt.
<Figures/solar farm soc ems v non-ems2.png, id=1093, 752.0597pt x 627.84563pt>
File: Figures/solar farm soc ems v non-ems2.png Graphic file (type png)
<use Figures/solar farm soc ems v non-ems2.png>
Package pdftex.def Info: Figures/solar farm soc ems v non-ems2.png  used on inp
ut line 536.
(pdftex.def)             Requested size: 216.1011pt x 180.40361pt.
 [53 <./Figures/ems supply capacity v load demand3.png> <./Figures/non-ems supp
ly capacity v load demand4.png> <./Figures/local storage soc ems v non-ems2.png
> <./Figures/solar farm soc ems v non-ems2.png>]
<Figures/ems supply capacity v load demand4.png, id=1114, 891.33pt x 624.83438p
t>
File: Figures/ems supply capacity v load demand4.png Graphic file (type png)
<use Figures/ems supply capacity v load demand4.png>
Package pdftex.def Info: Figures/ems supply capacity v load demand4.png  used o
n input line 581.
(pdftex.def)             Requested size: 220.50887pt x 154.57787pt.
<Figures/non-ems supply capacity v load demand5.png, id=1115, 786.68906pt x 627
.84563pt>
File: Figures/non-ems supply capacity v load demand5.png Graphic file (type png
)
<use Figures/non-ems supply capacity v load demand5.png>
Package pdftex.def Info: Figures/non-ems supply capacity v load demand5.png  us
ed on input line 588.
(pdftex.def)             Requested size: 216.1011pt x 172.46169pt.
 [54 <./Figures/ems supply capacity v load demand4.png> <./Figures/non-ems supp
ly capacity v load demand5.png>]
<Figures/Lab setup of four units DC microgrid.png, id=1124, 993.7125pt x 419.31
656pt>
File: Figures/Lab setup of four units DC microgrid.png Graphic file (type png)
<use Figures/Lab setup of four units DC microgrid.png>
Package pdftex.def Info: Figures/Lab setup of four units DC microgrid.png  used
 on input line 601.
(pdftex.def)             Requested size: 404.55899pt x 170.71652pt.
 [55 <./Figures/Lab setup of four units DC microgrid.png>]
<Figures/Unit 1 5-day Supply v Load Demand.png, id=1132, 453.94594pt x 240.9pt>

File: Figures/Unit 1 5-day Supply v Load Demand.png Graphic file (type png)
<use Figures/Unit 1 5-day Supply v Load Demand.png>
Package pdftex.def Info: Figures/Unit 1 5-day Supply v Load Demand.png  used on
 input line 629.
(pdftex.def)             Requested size: 428.93962pt x 227.62204pt.
<Figures/five-day Solar farm SoC v Operation state.png, id=1133, 460.72125pt x 
187.45032pt>
File: Figures/five-day Solar farm SoC v Operation state.png Graphic file (type 
png)
<use Figures/five-day Solar farm SoC v Operation state.png>
Package pdftex.def Info: Figures/five-day Solar farm SoC v Operation state.png 
 used on input line 637.
(pdftex.def)             Requested size: 419.61552pt x 170.71652pt.
 [56 <./Figures/Unit 1 5-day Supply v Load Demand.png> <./Figures/five-day Sola
r farm SoC v Operation state.png>]
<Figures/Unit 2 Supply Capacity v Load Demand.png, id=1141, 682.04813pt x 377.1
5906pt>
File: Figures/Unit 2 Supply Capacity v Load Demand.png Graphic file (type png)
<use Figures/Unit 2 Supply Capacity v Load Demand.png>
Package pdftex.def Info: Figures/Unit 2 Supply Capacity v Load Demand.png  used
 on input line 665.
(pdftex.def)             Requested size: 308.71927pt x 170.71652pt.
<Figures/Unit 2 Solar Farm v local storage SoC.png, id=1142, 695.59875pt x 382.
42876pt>
File: Figures/Unit 2 Solar Farm v local storage SoC.png Graphic file (type png)

<use Figures/Unit 2 Solar Farm v local storage SoC.png>
Package pdftex.def Info: Figures/Unit 2 Solar Farm v local storage SoC.png  use
d on input line 672.
(pdftex.def)             Requested size: 310.51166pt x 170.71652pt.
 [57 <./Figures/Unit 2 Supply Capacity v Load Demand.png>]
<Figures/Unit 3 Supply Capacity v Load Demand.png, id=1150, 646.66594pt x 381.6
7593pt>
File: Figures/Unit 3 Supply Capacity v Load Demand.png Graphic file (type png)
<use Figures/Unit 3 Supply Capacity v Load Demand.png>
Package pdftex.def Info: Figures/Unit 3 Supply Capacity v Load Demand.png  used
 on input line 699.
(pdftex.def)             Requested size: 289.2406pt x 170.71652pt.
 [58 <./Figures/Unit 2 Solar Farm v local storage SoC.png> <./Figures/Unit 3 Su
pply Capacity v Load Demand.png>]
<Figures/Unit 4 Supply Capacity v Load Demand.png, id=1158, 542.025pt x 371.889
37pt>
File: Figures/Unit 4 Supply Capacity v Load Demand.png Graphic file (type png)
<use Figures/Unit 4 Supply Capacity v Load Demand.png>
Package pdftex.def Info: Figures/Unit 4 Supply Capacity v Load Demand.png  used
 on input line 726.
(pdftex.def)             Requested size: 331.76784pt x 227.62204pt.

[59 <./Figures/Unit 4 Supply Capacity v Load Demand.png>]) [60]
Chapter 5.
(./Chapter 5/Conclusion.tex [61

] [62]) [63]
Chapter 6.
(./main.bbl [64

] [65] [66] [67]
Underfull \hbox (badness 3058) in paragraph at lines 237--240
[]\T1/cmr/m/n/12 Eskom. (2020) So-lar ir-ra-di-ance data. [On-line]. Avail-
 []

) [68] (./main.aux (./TitlePage.aux) (./Contents/table of contents.aux)
(./Contents/List of tables.aux) (./Contents/List of figures.aux)
(./Contents/Nomenclature.aux))
 ***********
LaTeX2e <2023-11-01> patch level 1
L3 programming layer <2024-01-22>
 ***********
Package rerunfilecheck Info: File `main.out' has not changed.
(rerunfilecheck)             Checksum: 4ADA896C5CC9064304873F87A2263238;13136.
 ) 
Here is how much of TeX's memory you used:
 16345 strings out of 474222
 278409 string characters out of 5748732
 1936975 words of memory out of 5000000
 38011 multiletter control sequences out of 15000+600000
 574530 words of font info for 70 fonts, out of 8000000 for 9000
 1141 hyphenation exceptions out of 8191
 110i,11n,107p,1444b,652s stack positions out of 10000i,1000n,20000p,200000b,200000s
</usr/share/texlive/texmf-dist/fonts/type1/public/amsfonts/cm/cmmi12.pfb></us
r/share/texlive/texmf-dist/fonts/type1/public/amsfonts/cm/cmmi8.pfb></usr/share
/texlive/texmf-dist/fonts/type1/public/amsfonts/cm/cmr12.pfb></usr/share/texliv
e/texmf-dist/fonts/type1/public/amsfonts/cm/cmr8.pfb></usr/share/texlive/texmf-
dist/fonts/type1/public/amsfonts/cm/cmsy10.pfb></usr/share/texlive/texmf-dist/f
onts/type1/public/amsfonts/cm/cmsy8.pfb></usr/share/texmf/fonts/type1/public/cm
-super/sfbx1000.pfb></usr/share/texmf/fonts/type1/public/cm-super/sfbx1095.pfb>
</usr/share/texmf/fonts/type1/public/cm-super/sfbx1200.pfb></usr/share/texmf/fo
nts/type1/public/cm-super/sfbx1440.pfb></usr/share/texmf/fonts/type1/public/cm-
super/sfbx1728.pfb></usr/share/texmf/fonts/type1/public/cm-super/sfbx2488.pfb><
/usr/share/texmf/fonts/type1/public/cm-super/sfrm0800.pfb></usr/share/texmf/fon
ts/type1/public/cm-super/sfrm1000.pfb></usr/share/texmf/fonts/type1/public/cm-s
uper/sfrm1095.pfb></usr/share/texmf/fonts/type1/public/cm-super/sfrm1200.pfb></
usr/share/texmf/fonts/type1/public/cm-super/sfti1200.pfb>
Output written on main.pdf (78 pages, 5449527 bytes).
PDF statistics:
 1352 PDF objects out of 1440 (max. 8388607)
 1099 compressed objects within 11 object streams
 299 named destinations out of 1000 (max. 500000)
 940 words of extra memory for PDF output out of 10000 (max. 10000000)

