This is pdfTeX, Version 3.141592653-2.6-1.40.26 (MiKTeX 24.12) (preloaded format=pdflatex 2025.1.16)  16 JAN 2025 15:19
entering extended mode
 restricted \write18 enabled.
 %&-line parsing enabled.
**"./List of Tables.tex"
(List of Tables.tex
LaTeX2e <2024-11-01> patch level 1
L3 programming layer <2024-12-25>
! Undefined control sequence.
l.1 \listoftables
                 
The control sequence at the end of the top line
of your error message was never \def'ed. If you have
misspelled it (e.g., `\hobx'), type `I' and the correct
spelling (e.g., `I\hbox'). Otherwise just continue,
and I'll forget about whatever was undefined.

)
! Emergency stop.
<*> "./List of Tables.tex"
                          
*** (job aborted, no legal \end found)

 
Here is how much of TeX's memory you used:
 16 strings out of 475473
 434 string characters out of 5767146
 386444 words of memory out of 5000000
 23094 multiletter control sequences out of 15000+600000
 558837 words of font info for 36 fonts, out of 8000000 for 9000
 0 hyphenation exceptions out of 8191
 12i,0n,13p,71b,17s stack positions out of 10000i,1000n,20000p,200000b,200000s
!  ==> Fatal error occurred, no output PDF file produced!
