This is pdfTeX, Version 3.141592653-2.6-1.40.25 (TeX Live 2023/Debian) (preloaded format=pdflatex 2024.12.16)  16 DEC 2024 23:52
entering extended mode
 restricted \write18 enabled.
 %&-line parsing enabled.
**"list of figures.tex"
(./list of figures.tex
LaTeX2e <2023-11-01> patch level 1
L3 programming layer <2024-01-22>
! Undefined control sequence.
l.1 \listoffigures
                  
The control sequence at the end of the top line
of your error message was never \def'ed. If you have
misspelled it (e.g., `\hobx'), type `I' and the correct
spelling (e.g., `I\hbox'). Otherwise just continue,
and I'll forget about whatever was undefined.

)
! Emergency stop.
<*> "list of figures.tex"
                         
*** (job aborted, no legal \end found)

 
Here is how much of TeX's memory you used:
 16 strings out of 474222
 424 string characters out of 5748732
 1922975 words of memory out of 5000000
 22370 multiletter control sequences out of 15000+600000
 558069 words of font info for 36 fonts, out of 8000000 for 9000
 1141 hyphenation exceptions out of 8191
 12i,0n,13p,71b,17s stack positions out of 10000i,1000n,20000p,200000b,200000s
!  ==> Fatal error occurred, no output PDF file produced!
